{"level":"info","message":"\u001b[0mGET /script/index.css \u001b[33m404\u001b[0m 4.321 ms - 155\u001b[0m","timestamp":"2026-04-24 13:46:23"}
{"level":"info","message":"\u001b[0mGET /script/ssign.js \u001b[33m404\u001b[0m 7.267 ms - 154\u001b[0m","timestamp":"2026-04-24 13:46:23"}
{"level":"info","message":"\u001b[0mGET /script/index.css \u001b[33m404\u001b[0m 3.948 ms - 155\u001b[0m","timestamp":"2026-04-24 13:47:57"}
{"level":"info","message":"\u001b[0mGET /script/ssign.js \u001b[33m404\u001b[0m 4.328 ms - 154\u001b[0m","timestamp":"2026-04-24 13:47:57"}
{"level":"info","message":"\u001b[0mPOST /signin \u001b[33m400\u001b[0m 14.040 ms - 233\u001b[0m","timestamp":"2026-04-24 14:08:51"}
{"level":"info","message":"\u001b[0mPOST /signin \u001b[33m400\u001b[0m 1.801 ms - 241\u001b[0m","timestamp":"2026-04-24 14:09:10"}
{"level":"info","message":"\u001b[0mPOST /signin \u001b[33m400\u001b[0m 2.209 ms - 130\u001b[0m","timestamp":"2026-04-24 14:09:21"}
{"level":"info","message":"\u001b[0mGET /script/index.css \u001b[33m404\u001b[0m 5.561 ms - 155\u001b[0m","timestamp":"2026-04-24 14:09:44"}
{"level":"info","message":"\u001b[0mGET /script/ssign.js \u001b[33m404\u001b[0m 7.603 ms - 154\u001b[0m","timestamp":"2026-04-24 14:09:44"}
{"level":"info","message":"\u001b[0mPOST /signin \u001b[33m403\u001b[0m 16.107 ms - 78\u001b[0m","timestamp":"2026-04-24 14:10:43"}
{"level":"info","message":"\u001b[0mPOST /signin \u001b[33m403\u001b[0m 2.546 ms - 78\u001b[0m","timestamp":"2026-04-24 14:10:49"}
{"level":"info","message":"\u001b[0mGET /script/index.css \u001b[33m404\u001b[0m 5.076 ms - 155\u001b[0m","timestamp":"2026-04-24 14:11:10"}
{"level":"info","message":"\u001b[0mGET /script/ssign.js \u001b[33m404\u001b[0m 1.756 ms - 154\u001b[0m","timestamp":"2026-04-24 14:11:10"}
{"level":"info","message":"\u001b[0mGET /.well-known/appspecific/com.chrome.devtools.json \u001b[33m404\u001b[0m 2.233 ms - 187\u001b[0m","timestamp":"2026-04-24 14:54:17"}
{"level":"info","message":"\u001b[0mGET /.well-known/appspecific/com.chrome.devtools.json \u001b[33m404\u001b[0m 3.228 ms - 187\u001b[0m","timestamp":"2026-04-24 14:55:13"}
{"level":"info","message":"\u001b[0mGET /.well-known/appspecific/com.chrome.devtools.json \u001b[33m404\u001b[0m 1.194 ms - 187\u001b[0m","timestamp":"2026-04-24 14:55:23"}
{"level":"info","message":"\u001b[0mGET /.well-known/appspecific/com.chrome.devtools.json \u001b[33m404\u001b[0m 1.534 ms - 187\u001b[0m","timestamp":"2026-04-24 14:55:58"}
{"level":"info","message":"\u001b[0mGET /.well-known/appspecific/com.chrome.devtools.json \u001b[33m404\u001b[0m 5.771 ms - 187\u001b[0m","timestamp":"2026-04-24 15:06:06"}
{"level":"info","message":"\u001b[0mGET /.well-known/appspecific/com.chrome.devtools.json \u001b[33m404\u001b[0m 49.307 ms - 187\u001b[0m","timestamp":"2026-04-24 15:07:39"}
{"level":"info","message":"\u001b[0mGET /.well-known/appspecific/com.chrome.devtools.json \u001b[33m404\u001b[0m 6.142 ms - 187\u001b[0m","timestamp":"2026-04-24 15:08:24"}
{"level":"info","message":"\u001b[0mGET /.well-known/appspecific/com.chrome.devtools.json \u001b[33m404\u001b[0m 59.345 ms - 187\u001b[0m","timestamp":"2026-04-24 15:10:09"}
{"level":"info","message":"\u001b[0mGET /.well-known/appspecific/com.chrome.devtools.json \u001b[33m404\u001b[0m 7.093 ms - 187\u001b[0m","timestamp":"2026-04-24 15:10:41"}
{"level":"info","message":"\u001b[0mGET /check-email?email= \u001b[33m400\u001b[0m 1.973 ms - 66\u001b[0m","timestamp":"2026-04-24 15:14:00"}
{"level":"info","message":"\u001b[0mGET /.well-known/appspecific/com.chrome.devtools.json \u001b[33m404\u001b[0m 3.951 ms - 187\u001b[0m","timestamp":"2026-04-24 15:15:20"}
{"level":"info","message":"\u001b[0mGET /check-email?email= \u001b[33m400\u001b[0m 7.413 ms - 66\u001b[0m","timestamp":"2026-04-24 15:15:29"}
{"level":"info","message":"\u001b[0mGET /.well-known/appspecific/com.chrome.devtools.json \u001b[33m404\u001b[0m 1.957 ms - 187\u001b[0m","timestamp":"2026-04-24 15:18:56"}
{"level":"info","message":"\u001b[0mGET /check-email?email= \u001b[33m400\u001b[0m 1.548 ms - 66\u001b[0m","timestamp":"2026-04-24 15:18:58"}
{"level":"info","message":"\u001b[0mGET /check-email?email= \u001b[33m400\u001b[0m 1.336 ms - 66\u001b[0m","timestamp":"2026-04-24 15:19:13"}
{"level":"info","message":"\u001b[0mGET /.well-known/appspecific/com.chrome.devtools.json \u001b[33m404\u001b[0m 7.229 ms - 187\u001b[0m","timestamp":"2026-04-24 15:24:08"}
{"level":"info","message":"\u001b[0mGET /check-email?email= \u001b[33m400\u001b[0m 4.109 ms - 68\u001b[0m","timestamp":"2026-04-24 15:24:11"}
{"level":"info","message":"\u001b[0mGET /check-email?email= \u001b[33m400\u001b[0m 3.344 ms - 68\u001b[0m","timestamp":"2026-04-24 15:24:25"}
{"level":"info","message":"\u001b[0mGET /check-email?email= \u001b[33m400\u001b[0m 1.634 ms - 68\u001b[0m","timestamp":"2026-04-24 15:24:48"}
{"level":"info","message":"\u001b[0mGET /.well-known/appspecific/com.chrome.devtools.json \u001b[33m404\u001b[0m 5.371 ms - 187\u001b[0m","timestamp":"2026-04-24 15:29:11"}
{"level":"info","message":"\u001b[0mGET /check-email?email=user1%40example.com \u001b[31m500\u001b[0m 55.073 ms - 880\u001b[0m","timestamp":"2026-04-24 15:29:40"}
{"level":"info","message":"\u001b[0mGET /check-email?email=user1%40example.com \u001b[31m500\u001b[0m 6.568 ms - 880\u001b[0m","timestamp":"2026-04-24 15:30:16"}
{"level":"info","message":"\u001b[0mGET /.well-known/appspecific/com.chrome.devtools.json \u001b[33m404\u001b[0m 6.150 ms - 187\u001b[0m","timestamp":"2026-04-24 15:35:01"}
{"level":"info","message":"\u001b[0mGET /check-email?email=user1%40example.com \u001b[31m500\u001b[0m 52.608 ms - 880\u001b[0m","timestamp":"2026-04-24 15:35:17"}
{"level":"info","message":"\u001b[0mGET /.well-known/appspecific/com.chrome.devtools.json \u001b[33m404\u001b[0m 5.755 ms - 187\u001b[0m","timestamp":"2026-04-24 15:36:20"}
{"level":"info","message":"\u001b[0mGET /check-email?email=rosewar.com%40gmail.com \u001b[31m500\u001b[0m 50.137 ms - 880\u001b[0m","timestamp":"2026-04-24 15:36:25"}
{"level":"info","message":"\u001b[0mGET /.well-known/appspecific/com.chrome.devtools.json \u001b[33m404\u001b[0m 8.439 ms - 187\u001b[0m","timestamp":"2026-04-24 15:41:35"}
{"level":"info","message":"\u001b[0mGET /.well-known/appspecific/com.chrome.devtools.json \u001b[33m404\u001b[0m 1.036 ms - 187\u001b[0m","timestamp":"2026-04-24 15:41:38"}
{"level":"info","message":"\u001b[0mGET /script/index.css \u001b[33m404\u001b[0m 5.291 ms - 155\u001b[0m","timestamp":"2026-04-24 15:41:38"}
{"level":"info","message":"\u001b[0mGET /script/ssign.js \u001b[33m404\u001b[0m 4.778 ms - 154\u001b[0m","timestamp":"2026-04-24 15:41:38"}
{"level":"info","message":"\u001b[0mGET /.well-known/appspecific/com.chrome.devtools.json \u001b[33m404\u001b[0m 1.891 ms - 187\u001b[0m","timestamp":"2026-04-24 15:43:22"}
{"level":"info","message":"\u001b[0mGET /.well-known/appspecific/com.chrome.devtools.json \u001b[33m404\u001b[0m 1.398 ms - 187\u001b[0m","timestamp":"2026-04-24 15:43:22"}
{"level":"info","message":"\u001b[0mGET /.well-known/appspecific/com.chrome.devtools.json \u001b[33m404\u001b[0m 2.330 ms - 187\u001b[0m","timestamp":"2026-04-24 15:43:26"}
{"level":"info","message":"\u001b[0mGET /.well-known/appspecific/com.chrome.devtools.json \u001b[33m404\u001b[0m 2.065 ms - 187\u001b[0m","timestamp":"2026-04-24 15:46:50"}
{"level":"info","message":"\u001b[0mGET /.well-known/appspecific/com.chrome.devtools.json \u001b[33m404\u001b[0m 4.150 ms - 187\u001b[0m","timestamp":"2026-04-24 15:50:12"}
{"level":"info","message":"\u001b[0mGET /.well-known/appspecific/com.chrome.devtools.json \u001b[33m404\u001b[0m 2.616 ms - 187\u001b[0m","timestamp":"2026-04-24 15:50:34"}
{"level":"info","message":"\u001b[0mGET /.well-known/appspecific/com.chrome.devtools.json \u001b[33m404\u001b[0m 1.461 ms - 187\u001b[0m","timestamp":"2026-04-24 15:51:34"}
{"level":"info","message":"\u001b[0mGET /.well-known/appspecific/com.chrome.devtools.json \u001b[33m404\u001b[0m 4.058 ms - 187\u001b[0m","timestamp":"2026-04-24 15:52:03"}
{"level":"info","message":"\u001b[0mGET /.well-known/appspecific/com.chrome.devtools.json \u001b[33m404\u001b[0m 2.163 ms - 187\u001b[0m","timestamp":"2026-04-24 15:54:46"}
{"level":"info","message":"\u001b[0mGET /.well-known/appspecific/com.chrome.devtools.json \u001b[33m404\u001b[0m 1.720 ms - 187\u001b[0m","timestamp":"2026-04-24 15:56:29"}
{"level":"info","message":"\u001b[0mGET /.well-known/appspecific/com.chrome.devtools.json \u001b[33m404\u001b[0m 2.361 ms - 187\u001b[0m","timestamp":"2026-04-24 16:01:03"}
{"level":"info","message":"\u001b[0mGET /.well-known/appspecific/com.chrome.devtools.json \u001b[33m404\u001b[0m 2.899 ms - 187\u001b[0m","timestamp":"2026-04-24 16:03:42"}
{"level":"info","message":"\u001b[0mGET /.well-known/appspecific/com.chrome.devtools.json \u001b[33m404\u001b[0m 2.056 ms - 187\u001b[0m","timestamp":"2026-04-24 16:03:59"}
{"level":"info","message":"\u001b[0mGET /check-email?email=rosewar.com%40gmail.com \u001b[33m403\u001b[0m 7.955 ms - 78\u001b[0m","timestamp":"2026-04-24 16:05:48"}
{"level":"info","message":"\u001b[0mGET /check-email?email=rosewar.com%40gmail.com \u001b[33m403\u001b[0m 4.366 ms - 78\u001b[0m","timestamp":"2026-04-24 16:06:14"}
{"level":"info","message":"\u001b[0mGET /check-email?email=rosewar.com1%40gmail.com \u001b[33m403\u001b[0m 1.423 ms - 78\u001b[0m","timestamp":"2026-04-24 16:06:29"}
{"level":"info","message":"\u001b[0mGET /check-email?email=rosewar.com333%40gmail.com \u001b[33m403\u001b[0m 1.358 ms - 78\u001b[0m","timestamp":"2026-04-24 16:06:36"}
{"level":"info","message":"\u001b[0mGET /.well-known/appspecific/com.chrome.devtools.json \u001b[33m404\u001b[0m 25.246 ms - 187\u001b[0m","timestamp":"2026-04-24 16:07:00"}
{"level":"info","message":"\u001b[0mGET /check-email?email= \u001b[33m400\u001b[0m 2.224 ms - 66\u001b[0m","timestamp":"2026-04-24 16:07:02"}
{"level":"info","message":"\u001b[0mPOST /signup \u001b[33m400\u001b[0m 8.753 ms - 290\u001b[0m","timestamp":"2026-04-24 16:07:19"}
{"level":"info","message":"\u001b[0mGET /.well-known/appspecific/com.chrome.devtools.json \u001b[33m404\u001b[0m 1.561 ms - 187\u001b[0m","timestamp":"2026-04-24 16:07:32"}
{"level":"info","message":"\u001b[0mPOST /signup \u001b[33m400\u001b[0m 2.416 ms - 161\u001b[0m","timestamp":"2026-04-24 16:09:17"}
{"level":"info","message":"\u001b[0mGET /.well-known/appspecific/com.chrome.devtools.json \u001b[33m404\u001b[0m 2.230 ms - 187\u001b[0m","timestamp":"2026-04-24 16:09:54"}
{"level":"info","message":"\u001b[0mPOST /signup \u001b[33m400\u001b[0m 2.676 ms - 161\u001b[0m","timestamp":"2026-04-24 16:10:21"}
{"level":"info","message":"\u001b[0mGET /.well-known/appspecific/com.chrome.devtools.json \u001b[33m404\u001b[0m 1.528 ms - 187\u001b[0m","timestamp":"2026-04-24 16:10:30"}
{"level":"info","message":"\u001b[0mPOST /signup \u001b[33m400\u001b[0m 1.328 ms - 290\u001b[0m","timestamp":"2026-04-24 16:11:08"}
{"level":"info","message":"\u001b[0mPOST /signup \u001b[33m400\u001b[0m 1.984 ms - 290\u001b[0m","timestamp":"2026-04-24 16:11:40"}
{"level":"info","message":"\u001b[0mPOST /signup \u001b[33m400\u001b[0m 2.939 ms - 161\u001b[0m","timestamp":"2026-04-24 16:11:49"}
{"level":"info","message":"\u001b[0mGET /.well-known/appspecific/com.chrome.devtools.json \u001b[33m404\u001b[0m 2.975 ms - 187\u001b[0m","timestamp":"2026-04-24 16:11:58"}
{"level":"info","message":"\u001b[0mGET /.well-known/appspecific/com.chrome.devtools.json \u001b[33m404\u001b[0m 5.922 ms - 187\u001b[0m","timestamp":"2026-04-24 16:18:09"}
{"level":"info","message":"\u001b[0mGET /.well-known/appspecific/com.chrome.devtools.json \u001b[33m404\u001b[0m 2.435 ms - 187\u001b[0m","timestamp":"2026-04-24 16:18:45"}
{"level":"info","message":"\u001b[0mGET /check-email?email=%E3%85%87 \u001b[33m400\u001b[0m 7.720 ms - 103\u001b[0m","timestamp":"2026-04-24 16:18:47"}
{"level":"info","message":"\u001b[0mGET /.well-known/appspecific/com.chrome.devtools.json \u001b[33m404\u001b[0m 1.929 ms - 187\u001b[0m","timestamp":"2026-04-24 16:19:15"}
{"level":"info","message":"\u001b[0mGET /check-email?email=%E3%85%87 \u001b[33m400\u001b[0m 1.787 ms - 103\u001b[0m","timestamp":"2026-04-24 16:19:17"}
{"level":"info","message":"\u001b[0mGET /.well-known/appspecific/com.chrome.devtools.json \u001b[33m404\u001b[0m 6.795 ms - 187\u001b[0m","timestamp":"2026-04-24 16:20:56"}
{"level":"info","message":"\u001b[0mGET /check-email?email=%E3%85%87%E3%85%87 \u001b[33m400\u001b[0m 16.381 ms - 105\u001b[0m","timestamp":"2026-04-24 16:20:59"}
{"level":"info","message":"\u001b[0mGET /check-email?email=%E3%85%87%E3%85%87 \u001b[33m400\u001b[0m 2.871 ms - 105\u001b[0m","timestamp":"2026-04-24 16:21:51"}
{"level":"info","message":"\u001b[0mGET /.well-known/appspecific/com.chrome.devtools.json \u001b[33m404\u001b[0m 3.641 ms - 187\u001b[0m","timestamp":"2026-04-24 16:24:00"}
{"level":"info","message":"\u001b[0mGET /check-email?email=%E3%85%87%E3%85%87%E3%85%87 \u001b[33m400\u001b[0m 1.634 ms - 105\u001b[0m","timestamp":"2026-04-24 16:24:02"}
{"level":"info","message":"\u001b[0mGET /.well-known/appspecific/com.chrome.devtools.json \u001b[33m404\u001b[0m 1.172 ms - 187\u001b[0m","timestamp":"2026-04-24 16:24:17"}
{"level":"info","message":"\u001b[0mGET /check-email?email=%E3%85%87%E3%84%B4%E3%84%B9%E3%84%B4%E3%85%87%E3%84%B9 \u001b[33m400\u001b[0m 2.062 ms - 105\u001b[0m","timestamp":"2026-04-24 16:24:21"}
